22:46:48 **** Build of configuration Debug for project 1_gpio_asm ****
make -j3 all 
arm-none-eabi-gcc -mcpu=cortex-m4 -g3 -DDEBUG -c -x assembler-with-cpp -MMD -MP -MF"Startup/startup_stm32f469nihx.d" -MT"Startup/startup_stm32f469nihx.o" --specs=nano.specs -mfpu=fpv4-sp-d16 -mfloat-abi=hard -mthumb -o "Startup/startup_stm32f469nihx.o" "../Startup/startup_stm32f469nihx.s"
arm-none-eabi-gcc -mcpu=cortex-m4 -g3 -DDEBUG -c -x assembler-with-cpp -MMD -MP -MF"Src/main.d" -MT"Src/main.o" --specs=nano.specs -mfpu=fpv4-sp-d16 -mfloat-abi=hard -mthumb -o "Src/main.o" "../Src/main.s"
arm-none-eabi-gcc "../Src/syscalls.c" -mcpu=cortex-m4 -std=gnu11 -g3 -DDEBUG -DSTM32 -DSTM32F469NIHx -DSTM32F4 -DSTM32F469I_DISCO -c -I../Inc -O0 -ffunction-sections -fdata-sections -Wall -fstack-usage -MMD -MP -MF"Src/syscalls.d" -MT"Src/syscalls.o" --specs=nano.specs -mfpu=fpv4-sp-d16 -mfloat-abi=hard -mthumb -o "Src/syscalls.o"
arm-none-eabi-gcc "../Src/sysmem.c" -mcpu=cortex-m4 -std=gnu11 -g3 -DDEBUG -DSTM32 -DSTM32F469NIHx -DSTM32F4 -DSTM32F469I_DISCO -c -I../Inc -O0 -ffunction-sections -fdata-sections -Wall -fstack-usage -MMD -MP -MF"Src/sysmem.d" -MT"Src/sysmem.o" --specs=nano.specs -mfpu=fpv4-sp-d16 -mfloat-abi=hard -mthumb -o "Src/sysmem.o"
arm-none-eabi-gcc -o "1_gpio_asm.elf" @"objects.list"   -mcpu=cortex-m4 -T"/Users/jonathancagua/STM32/stm32_asm_driver/1_gpio_asm/STM32F469NIHX_FLASH.ld" --specs=nosys.specs -Wl,-Map="1_gpio_asm.map" -Wl,--gc-sections -static --specs=nano.specs -mfpu=fpv4-sp-d16 -mfloat-abi=hard -mthumb -Wl,--start-group -lc -lm -Wl,--end-group
Finished building target: 1_gpio_asm.elf
 
arm-none-eabi-size   1_gpio_asm.elf 
arm-none-eabi-objdump -h -S  1_gpio_asm.elf  > "1_gpio_asm.list"
Finished building: 1_gpio_asm.list
 
   text	   data	    bss	    dec	    hex	filename
    736	      8	   1568	   2312	    908	1_gpio_asm.elf
Finished building: default.size.stdout
 

22:46:49 Build Finished. 0 errors, 0 warnings. (took 1s.276ms)

