00:43:00 **** Incremental Build of configuration Debug for project 3_blink_bsrr_asm ****
make -j3 all 
arm-none-eabi-gcc -mcpu=cortex-m4 -g3 -DDEBUG -c -x assembler-with-cpp -MMD -MP -MF"Src/main.d" -MT"Src/main.o" --specs=nano.specs -mfpu=fpv4-sp-d16 -mfloat-abi=hard -mthumb -o "Src/main.o" "../Src/main.s"
arm-none-eabi-gcc -o "3_blink_bsrr_asm.elf" @"objects.list"   -mcpu=cortex-m4 -T"/Users/jonathancagua/STM32/stm32_asm_driver/3_blink_bsrr_asm/STM32F469NIHX_FLASH.ld" --specs=nosys.specs -Wl,-Map="3_blink_bsrr_asm.map" -Wl,--gc-sections -static --specs=nano.specs -mfpu=fpv4-sp-d16 -mfloat-abi=hard -mthumb -Wl,--start-group -lc -lm -Wl,--end-group
Finished building target: 3_blink_bsrr_asm.elf
 
arm-none-eabi-size   3_blink_bsrr_asm.elf 
arm-none-eabi-objdump -h -S  3_blink_bsrr_asm.elf  > "3_blink_bsrr_asm.list"
   text	   data	    bss	    dec	    hex	filename
    756	      8	   1568	   2332	    91c	3_blink_bsrr_asm.elf
Finished building: default.size.stdout
 
Finished building: 3_blink_bsrr_asm.list
 
